// Jest Snapshot v1, https://goo.gl/fbAQLP

exports[`render MovieDataTable snapshot test 1`] = `
<div
  class="MuiPaper-root MuiPaper-elevation MuiPaper-rounded MuiPaper-elevation1 MuiTableContainer-root css-11xur9t-MuiPaper-root-MuiTableContainer-root"
  data-testid="movie-data-table"
>
  <table
    aria-label="основная информация"
    class="MuiTable-root css-fj9a4a-MuiTable-root"
  >
    <tbody
      class="MuiTableBody-root css-apqrd9-MuiTableBody-root"
    >
      <tr
        class="MuiTableRow-root css-1q1u3t4-MuiTableRow-root"
      >
        <th
          class="MuiTableCell-root MuiTableCell-body MuiTableCell-alignLeft MuiTableCell-paddingNone MuiTableCell-sizeMedium css-6u6txs-MuiTableCell-root"
          scope="row"
        >
          <p
            class="MuiTypography-root MuiTypography-body1 css-ahj2mt-MuiTypography-root"
          >
            Время
          </p>
        </th>
        <td
          class="MuiTableCell-root MuiTableCell-body MuiTableCell-alignLeft MuiTableCell-sizeMedium css-96k1qc-MuiTableCell-root"
        >
          <p
            class="MuiTypography-root MuiTypography-body1 css-ahj2mt-MuiTypography-root"
          />
        </td>
      </tr>
      <tr
        class="MuiTableRow-root css-1q1u3t4-MuiTableRow-root"
      >
        <th
          class="MuiTableCell-root MuiTableCell-body MuiTableCell-alignLeft MuiTableCell-paddingNone MuiTableCell-sizeMedium css-6u6txs-MuiTableCell-root"
          scope="row"
        >
          <p
            class="MuiTypography-root MuiTypography-body1 css-ahj2mt-MuiTypography-root"
          >
            Страны
          </p>
        </th>
        <td
          class="MuiTableCell-root MuiTableCell-body MuiTableCell-alignLeft MuiTableCell-sizeMedium css-96k1qc-MuiTableCell-root"
        >
          <p
            class="MuiTypography-root MuiTypography-body1 css-ahj2mt-MuiTypography-root"
          >
             - 
          </p>
        </td>
      </tr>
      <tr
        class="MuiTableRow-root css-1q1u3t4-MuiTableRow-root"
      >
        <th
          class="MuiTableCell-root MuiTableCell-body MuiTableCell-alignLeft MuiTableCell-paddingNone MuiTableCell-sizeMedium css-6u6txs-MuiTableCell-root"
          scope="row"
        >
          <p
            class="MuiTypography-root MuiTypography-body1 css-ahj2mt-MuiTypography-root"
          >
            Год
          </p>
        </th>
        <td
          class="MuiTableCell-root MuiTableCell-body MuiTableCell-alignLeft MuiTableCell-sizeMedium css-96k1qc-MuiTableCell-root"
        >
          <p
            class="MuiTypography-root MuiTypography-body1 css-ahj2mt-MuiTypography-root"
          >
             - 
          </p>
        </td>
      </tr>
      <tr
        class="MuiTableRow-root css-1q1u3t4-MuiTableRow-root"
      >
        <th
          class="MuiTableCell-root MuiTableCell-body MuiTableCell-alignLeft MuiTableCell-paddingNone MuiTableCell-sizeMedium css-6u6txs-MuiTableCell-root"
          scope="row"
        >
          <p
            class="MuiTypography-root MuiTypography-body1 css-ahj2mt-MuiTypography-root"
          >
            Жанр
          </p>
        </th>
        <td
          class="MuiTableCell-root MuiTableCell-body MuiTableCell-alignLeft MuiTableCell-sizeMedium css-96k1qc-MuiTableCell-root"
        >
          <p
            class="MuiTypography-root MuiTypography-body1 css-ahj2mt-MuiTypography-root"
          >
             - 
          </p>
        </td>
      </tr>
      <tr
        class="MuiTableRow-root css-1q1u3t4-MuiTableRow-root"
      >
        <th
          class="MuiTableCell-root MuiTableCell-body MuiTableCell-alignLeft MuiTableCell-paddingNone MuiTableCell-sizeMedium css-6u6txs-MuiTableCell-root"
          scope="row"
        >
          <p
            class="MuiTypography-root MuiTypography-body1 css-ahj2mt-MuiTypography-root"
          />
        </th>
        <td
          class="MuiTableCell-root MuiTableCell-body MuiTableCell-alignLeft MuiTableCell-sizeMedium css-96k1qc-MuiTableCell-root"
        >
          <p
            class="MuiTypography-root MuiTypography-body1 css-ahj2mt-MuiTypography-root"
          >
             - 
          </p>
        </td>
      </tr>
    </tbody>
  </table>
</div>
`;
