// Jest Snapshot v1, https://goo.gl/fbAQLP

exports[`render Banner snapshot test 1`] = `
<a
  class="MuiBox-root css-pw2lgz"
  data-testid="banner"
  href="https://portfolio-sva2021.vercel.app"
  rel="noopener noreferref"
  target="_blank"
>
  <span
    class="MuiTypography-root MuiTypography-caption css-80zbff-MuiTypography-root"
  >
    s
  </span>
  <span
    class="MuiTypography-root MuiTypography-caption css-80zbff-MuiTypography-root"
  >
    v
  </span>
  <span
    class="MuiTypography-root MuiTypography-caption css-80zbff-MuiTypography-root"
  >
    a
  </span>
  <div
    class="MuiBox-root css-bymsth"
  >
    <button
      class="MuiButton-root MuiButton-text MuiButton-textPrimary MuiButton-sizeMedium MuiButton-textSizeMedium MuiButtonBase-root  css-1nsf0ti-MuiButtonBase-root-MuiButton-root"
      tabindex="0"
      type="button"
    >
      <svg
        aria-hidden="true"
        class="MuiSvgIcon-root MuiSvgIcon-fontSizeSmall css-ptiqhd-MuiSvgIcon-root"
        data-testid="CloseIcon"
        focusable="false"
        viewBox="0 0 24 24"
      >
        <path
          d="M19 6.41 17.59 5 12 10.59 6.41 5 5 6.41 10.59 12 5 17.59 6.41 19 12 13.41 17.59 19 19 17.59 13.41 12z"
        />
      </svg>
      <span
        class="MuiTouchRipple-root css-8je8zh-MuiTouchRipple-root"
      />
    </button>
  </div>
</a>
`;
