// Jest Snapshot v1, https://goo.gl/fbAQLP

exports[`render SmallCard snapshot test 1`] = `
<div
  class="MuiPaper-root MuiPaper-elevation MuiPaper-rounded MuiPaper-elevation1 MuiCard-root css-4ob670-MuiPaper-root-MuiCard-root"
  data-testid="smallCard"
>
  <button
    class="MuiButtonBase-root MuiCardActionArea-root css-b6lsxj-MuiButtonBase-root-MuiCardActionArea-root"
    tabindex="0"
    type="button"
  >
    <img
      alt="FakeNameEng"
      class="MuiCardMedia-root MuiCardMedia-media MuiCardMedia-img css-o69gx8-MuiCardMedia-root"
      src="https://kinopoiskapiunofficial.tech/images/posters/kp_small/301.jpg"
      width="100%"
    />
    <div
      class="MuiCardContent-root css-46bh2p-MuiCardContent-root"
    >
      <p
        class="MuiTypography-root MuiTypography-body1 css-ahj2mt-MuiTypography-root"
      >
        FakeNameRu
      </p>
      <p
        class="MuiTypography-root MuiTypography-body1 css-ahj2mt-MuiTypography-root"
      >
        FakeNameEng
      </p>
      <p
        class="MuiTypography-root MuiTypography-body1 css-ahj2mt-MuiTypography-root"
      >
        2000
      </p>
      <p
        class="MuiTypography-root MuiTypography-body1 css-ahj2mt-MuiTypography-root"
      >
        40ч 40мин
      </p>
      <p
        class="MuiTypography-root MuiTypography-h3 css-1rklbg3-MuiTypography-root"
      >
        7.9
      </p>
    </div>
    <span
      class="MuiCardActionArea-focusHighlight css-1v2exvi-MuiCardActionArea-focusHighlight"
    />
    <span
      class="MuiTouchRipple-root css-8je8zh-MuiTouchRipple-root"
    />
  </button>
</div>
`;
