// Jest Snapshot v1, https://goo.gl/fbAQLP

exports[`render SmallCard snapshot test 1`] = `
<div
  class="MuiPaper-root MuiPaper-elevation MuiPaper-rounded MuiPaper-elevation1 MuiCard-root css-4ob670-MuiPaper-root-MuiCard-root"
  data-testid="smallCard"
>
  <button
    class="MuiButtonBase-root MuiCardActionArea-root css-tqw9zv-MuiButtonBase-root-MuiCardActionArea-root"
    tabindex="0"
    type="button"
  >
    <div
      class="MuiGrid-root MuiGrid-container MuiGrid-direction-xs-[object Object] css-1tw73vd-MuiGrid-root"
    >
      <div
        class="MuiGrid-root MuiGrid-item MuiGrid-grid-xs-7 MuiGrid-grid-md-12 css-1hf7a59-MuiGrid-root"
      >
        <img
          alt="fakeNameRu"
          class="MuiCardMedia-root MuiCardMedia-media MuiCardMedia-img css-o69gx8-MuiCardMedia-root"
          src="fakePosterUrlPreview"
          width="100%"
        />
      </div>
      <div
        class="MuiGrid-root MuiGrid-item MuiGrid-grid-xs-5 MuiGrid-grid-md-12 css-15qlg2x-MuiGrid-root"
      >
        <div
          class="MuiCardContent-root css-46bh2p-MuiCardContent-root"
        >
          <p
            class="MuiTypography-root MuiTypography-body1 MuiTypography-gutterBottom css-d3wcwz-MuiTypography-root"
          >
            fakeNameRu
          </p>
          <p
            class="MuiTypography-root MuiTypography-body2 MuiTypography-gutterBottom css-122n2ei-MuiTypography-root"
          >
            fakeNameEng
          </p>
          <p
            class="MuiTypography-root MuiTypography-body1 MuiTypography-gutterBottom css-d3wcwz-MuiTypography-root"
          >
            2000
            ,  
            10ч10м
          </p>
        </div>
      </div>
    </div>
    <span
      class="MuiCardActionArea-focusHighlight css-1v2exvi-MuiCardActionArea-focusHighlight"
    />
    <span
      class="MuiTouchRipple-root css-8je8zh-MuiTouchRipple-root"
    />
  </button>
  <p
    class="MuiTypography-root MuiTypography-h3 css-1xh6tfv-MuiTypography-root"
  >
    fakeRating
  </p>
</div>
`;
