// Jest Snapshot v1, https://goo.gl/fbAQLP

exports[`render logo snapshot test 1`] = `
<p
  class="MuiTypography-root MuiTypography-h1 css-352z6l-MuiTypography-root"
  data-testid="logo"
>
  Movie
  <svg
    aria-hidden="true"
    class="MuiSvgIcon-root MuiSvgIcon-fontSizeMedium css-1j1iy3m-MuiSvgIcon-root"
    data-testid="LocalMoviesIcon"
    focusable="false"
    viewBox="0 0 24 24"
  >
    <path
      d="M18 3v2h-2V3H8v2H6V3H4v18h2v-2h2v2h8v-2h2v2h2V3h-2zM8 17H6v-2h2v2zm0-4H6v-2h2v2zm0-4H6V7h2v2zm10 8h-2v-2h2v2zm0-4h-2v-2h2v2zm0-4h-2V7h2v2z"
    />
  </svg>
  Finder
</p>
`;
